#
# There is insufficient memory for the Java Runtime Environment to continue.
# Native memory allocation (mmap) failed to map 260046848 bytes for Failed to commit area from 0x0000000708000000 to 0x0000000717800000 of length 260046848.
# Possible reasons:
#   The system is out of physical RAM or swap space
#   The process is running with CompressedOops enabled, and the Java Heap may be blocking the growth of the native heap
# Possible solutions:
#   Reduce memory load on the system
#   Increase physical memory or swap space
#   Check if swap backing store is full
#   Decrease Java heap size (-Xmx/-Xms)
#   Decrease number of Java threads
#   Decrease Java thread stack sizes (-Xss)
#   Set larger code cache with -XX:ReservedCodeCacheSize=
# This output file may be truncated or incomplete.
#
#  Out of Memory Error (c:/BuildAgent/work/5ff2f6c26000d570/src/hotspot/os/windows/os_windows.cpp:3272), pid=5284, tid=14976
#
# JRE version:  (11.0.3+12) (build )
# Java VM: OpenJDK 64-Bit Server VM (11.0.3+12-b304.39, mixed mode, aot, sharing, tiered, compressed oops, g1 gc, windows-amd64)
# No core dump will be written. Minidumps are not enabled by default on client versions of Windows
#

---------------  S U M M A R Y ------------

Command Line: org.jetbrains.git4idea.http.GitAskPassApp Password for 'https://reistr@bitbucket.org': 

Host: AMD Phenom(tm) II X4 B97 Processor, 4 cores, 15G,  Windows 10 , 64 bit Build 18362 (10.0.18362.1110)
Time: Sun Nov  8 15:32:51 2020 Hora oficial do Brasil elapsed time: 0 seconds (0d 0h 0m 0s)

---------------  T H R E A D  ---------------

Current thread (0x000001c31dd35000):  JavaThread "Unknown thread" [_thread_in_vm, id=14976, stack(0x0000007834800000,0x0000007834900000)]

Stack: [0x0000007834800000,0x0000007834900000]
Native frames: (J=compiled Java code, j=interpreted, Vv=VM code, C=native code)
V  [jvm.dll+0x5da77a]
V  [jvm.dll+0x70b9c9]
V  [jvm.dll+0x70cee8]
V  [jvm.dll+0x70d5b3]
V  [jvm.dll+0x23ddc8]
V  [jvm.dll+0x5d7ef4]
V  [jvm.dll+0x5ccfc5]
V  [jvm.dll+0x2fa44b]
V  [jvm.dll+0x2fa3ba]
V  [jvm.dll+0x2fa292]
V  [jvm.dll+0x2ff156]
V  [jvm.dll+0x3474c3]
V  [jvm.dll+0x347bc6]
V  [jvm.dll+0x3475c3]
V  [jvm.dll+0x2d4f68]
V  [jvm.dll+0x2d6107]
V  [jvm.dll+0x6eabf7]
V  [jvm.dll+0x6ec38c]
V  [jvm.dll+0x354c29]
V  [jvm.dll+0x6d28ae]
V  [jvm.dll+0x3bd363]
V  [jvm.dll+0x3bf7a1]
C  [java.exe+0x3763]
C  [java.exe+0x17a0c]
C  [KERNEL32.DLL+0x17c24]
C  [ntdll.dll+0x6cea1]


---------------  P R O C E S S  ---------------

Threads class SMR info:
_java_thread_list=0x000001c31c448290, length=0, elements={
}

Java Threads: ( => current thread )

Other Threads:
  0x000001c31dd4c800 GCTaskThread "GC Thread#0" [stack: 0x0000007834900000,0x0000007834a00000] [id=1924]
  0x000001c31dda8000 ConcurrentGCThread "G1 Main Marker" [stack: 0x0000007834a00000,0x0000007834b00000] [id=11428]
  0x000001c31ddaa800 ConcurrentGCThread "G1 Conc#0" [stack: 0x0000007834b00000,0x0000007834c00000] [id=15284]

[error occurred during error reporting (printing all threads), id 0xc0000005, EXCEPTION_ACCESS_VIOLATION (0xc0000005) at pc=0x00007ffc3b665507]

VM state:not at safepoint (not fully initialized)

VM Mutex/Monitor currently owned by a thread:  ([mutex/lock_event])
[0x000001c31dd31050] Heap_lock - owner thread: 0x000001c31dd35000

Heap address: 0x0000000708000000, size: 3968 MB, Compressed Oops mode: Non-zero based: 0x0000000708000000
Narrow klass base: 0x0000000000000000, Narrow klass shift: 0

GC Heap History (0 events):
No events

Deoptimization events (0 events):
No events

Classes redefined (0 events):
No events

Internal exceptions (0 events):
No events

Events (0 events):
No events


Dynamic libraries:
0x00007ff7f9df0000 - 0x00007ff7f9e37000 	C:\Program Files\JetBrains\PhpStorm 2019.2.1\jbr\bin\java.exe
0x00007ffc8d320000 - 0x00007ffc8d510000 	C:\WINDOWS\SYSTEM32\ntdll.dll
0x00007ffc8bfe0000 - 0x00007ffc8c092000 	C:\WINDOWS\System32\KERNEL32.DLL
0x00007ffc8ad60000 - 0x00007ffc8b005000 	C:\WINDOWS\System32\KERNELBASE.dll
0x00007ffc8c210000 - 0x00007ffc8c3a4000 	C:\WINDOWS\System32\USER32.dll
0x00007ffc8aa60000 - 0x00007ffc8aa81000 	C:\WINDOWS\System32\win32u.dll
0x00007ffc8bc80000 - 0x00007ffc8bca6000 	C:\WINDOWS\System32\GDI32.dll
0x00007ffc8b230000 - 0x00007ffc8b3c6000 	C:\WINDOWS\System32\gdi32full.dll
0x00007ffc8b010000 - 0x00007ffc8b0ae000 	C:\WINDOWS\System32\msvcp_win.dll
0x00007ffc8aa90000 - 0x00007ffc8ab8a000 	C:\WINDOWS\System32\ucrtbase.dll
0x00007ffc82360000 - 0x00007ffc825e4000 	C:\WINDOWS\WinSxS\amd64_microsoft.windows.common-controls_6595b64144ccf1df_6.0.18362.1139_none_9e7bf2d3e4605ac6\COMCTL32.dll
0x00007ffc8bdc0000 - 0x00007ffc8be5e000 	C:\WINDOWS\System32\msvcrt.dll
0x00007ffc8b5c0000 - 0x00007ffc8b8f5000 	C:\WINDOWS\System32\combase.dll
0x00007ffc8be60000 - 0x00007ffc8bf80000 	C:\WINDOWS\System32\RPCRT4.dll
0x00007ffc8b0b0000 - 0x00007ffc8b130000 	C:\WINDOWS\System32\bcryptPrimitives.dll
0x00007ffc8bfa0000 - 0x00007ffc8bfce000 	C:\WINDOWS\System32\IMM32.DLL
0x00007ffc82f10000 - 0x00007ffc82f27000 	C:\Program Files\JetBrains\PhpStorm 2019.2.1\jbr\bin\vcruntime140.dll
0x00007ffc70990000 - 0x00007ffc70a2d000 	C:\Program Files\JetBrains\PhpStorm 2019.2.1\jbr\bin\msvcp140.dll
0x00007ffc3b380000 - 0x00007ffc3be37000 	C:\Program Files\JetBrains\PhpStorm 2019.2.1\jbr\bin\server\jvm.dll
0x00007ffc8b440000 - 0x00007ffc8b4e3000 	C:\WINDOWS\System32\ADVAPI32.dll
0x00007ffc8bb20000 - 0x00007ffc8bbb7000 	C:\WINDOWS\System32\sechost.dll
0x00007ffc8bdb0000 - 0x00007ffc8bdb8000 	C:\WINDOWS\System32\PSAPI.DLL
0x00007ffc7d530000 - 0x00007ffc7d539000 	C:\WINDOWS\SYSTEM32\WSOCK32.dll
0x00007ffc83280000 - 0x00007ffc832a4000 	C:\WINDOWS\SYSTEM32\WINMM.dll
0x00007ffc8b3d0000 - 0x00007ffc8b43f000 	C:\WINDOWS\System32\WS2_32.dll
0x00007ffc808e0000 - 0x00007ffc808ea000 	C:\WINDOWS\SYSTEM32\VERSION.dll
0x00007ffc83250000 - 0x00007ffc8327d000 	C:\WINDOWS\SYSTEM32\winmmbase.dll
0x00007ffc8b1e0000 - 0x00007ffc8b22a000 	C:\WINDOWS\System32\cfgmgr32.dll
0x00007ffc8a240000 - 0x00007ffc8a251000 	C:\WINDOWS\System32\kernel.appcore.dll
0x00007ffc770a0000 - 0x00007ffc770b1000 	C:\Program Files\JetBrains\PhpStorm 2019.2.1\jbr\bin\verify.dll
0x00007ffc88bd0000 - 0x00007ffc88dc4000 	C:\WINDOWS\SYSTEM32\DBGHELP.DLL
0x00007ffc86590000 - 0x00007ffc865ba000 	C:\WINDOWS\SYSTEM32\dbgcore.DLL
0x00007ffc77070000 - 0x00007ffc77099000 	C:\Program Files\JetBrains\PhpStorm 2019.2.1\jbr\bin\java.dll
0x00007ffc77050000 - 0x00007ffc77067000 	C:\Program Files\JetBrains\PhpStorm 2019.2.1\jbr\bin\zip.dll
0x00007ffc85d50000 - 0x00007ffc85d5b000 	C:\Program Files\JetBrains\PhpStorm 2019.2.1\jbr\bin\jimage.dll

dbghelp: loaded successfully - version: 4.0.5 - missing functions: none
symbol engine: initialized successfully - sym options: 0x614 - pdb path: .;C:\Program Files\JetBrains\PhpStorm 2019.2.1\jbr\bin;C:\WINDOWS\SYSTEM32;C:\WINDOWS\WinSxS\amd64_microsoft.windows.common-controls_6595b64144ccf1df_6.0.18362.1139_none_9e7bf2d3e4605ac6;C:\Program Files\JetBrains\PhpStorm 2019.2.1\jbr\bin\server

VM Arguments:
java_command: org.jetbrains.git4idea.http.GitAskPassApp Password for 'https://reistr@bitbucket.org': 
java_class_path (initial): C:/Program Files/JetBrains/PhpStorm 2019.2.1/plugins/git4idea/lib/git4idea-rt.jar;C:/Program Files/JetBrains/PhpStorm 2019.2.1/lib/xmlrpc-2.0.1.jar;C:/Program Files/JetBrains/PhpStorm 2019.2.1/lib/commons-codec-1.13.jar;C:/Program Files/JetBrains/PhpStorm 2019.2.1/lib/util.jar
Launcher Type: SUN_STANDARD

[Global flags]
     intx CICompilerCount                          = 3                                         {product} {ergonomic}
     uint ConcGCThreads                            = 1                                         {product} {ergonomic}
     uint G1ConcRefinementThreads                  = 4                                         {product} {ergonomic}
   size_t G1HeapRegionSize                         = 1048576                                   {product} {ergonomic}
    uintx GCDrainStackTargetSize                   = 64                                        {product} {ergonomic}
   size_t InitialHeapSize                          = 260046848                                 {product} {ergonomic}
   size_t MarkStackSize                            = 4194304                                   {product} {ergonomic}
   size_t MaxHeapSize                              = 4160749568                                {product} {ergonomic}
   size_t MinHeapDeltaBytes                        = 1048576                                   {product} {ergonomic}
    uintx NonNMethodCodeHeapSize                   = 5830092                                {pd product} {ergonomic}
    uintx NonProfiledCodeHeapSize                  = 122914074                              {pd product} {ergonomic}
    uintx ProfiledCodeHeapSize                     = 122914074                              {pd product} {ergonomic}
    uintx ReservedCodeCacheSize                    = 251658240                              {pd product} {ergonomic}
     bool SegmentedCodeCache                       = true                                      {product} {ergonomic}
     bool UseCompressedClassPointers               = true                                 {lp64_product} {ergonomic}
     bool UseCompressedOops                        = true                                 {lp64_product} {ergonomic}
     bool UseG1GC                                  = true                                      {product} {ergonomic}
     bool UseLargePagesIndividualAllocation        = false                                  {pd product} {ergonomic}

Logging:
Log output configuration:
 #0: stdout all=warning uptime,level,tags
 #1: stderr all=off uptime,level,tags

Environment Variables:
PATH=C:\Program Files\Git\mingw64\libexec\git-core;C:\Program Files\Git\mingw64\libexec\git-core;C:\Program Files\Git\mingw64\bin;C:\Program Files\Git\usr\bin;C:\Users\Renan Reis\bin;C:\Program Files (x86)\Common Files\Oracle\Java\javapath;C:\WINDOWS\system32;C:\WINDOWS;C:\WINDOWS\System32\Wbem;C:\WINDOWS\System32\WindowsPowerShell\v1.0;C:\WINDOWS\System32\OpenSSH;C:\PostgreSQL\pg96\bin;C:\Program Files\Git\cmd;C:\Gradle\bin;C:\Users\Renan Reis\Downloads\cmder\Cmder.exe;C:\Program Files\PuTTY;C:\ProgramData\ComposerSetup\bin;C:\Program Files\Java\jdk1.8.0_251;C:\ProgramData\chocolatey\bin;C:\php;C:\tools\php74;C:\tools\php72;C:\Program Files (x86)\GNU\GnuPG\pub;C:\Program Files\nodejs;C:\Program Files (x86)\Yarn\bin;C:\Program Files\OpenSSH-Win64;C:\oracle\ODAC_11_2_Release_6_64_Bit;C:\oracle\ODAC_11_2_Release_6_64_Bit\bin;C:\oracle\ODAC_11_2_Release_6_64_Bit\network\admin;C:\Users\Renan Reis\AppData\Local\Microsoft\WindowsApps;C:\Users\Renan Reis\AppData\Local\Programs\Microsoft VS Code\bin;C:\Users\Renan Reis\AppData\Roaming\npm;C:\Users\Renan Reis\AppData\Local\Yarn\bin
USERNAME=Renan Reis
DISPLAY=:0.0
OS=Windows_NT
PROCESSOR_IDENTIFIER=AMD64 Family 16 Model 4 Stepping 3, AuthenticAMD



---------------  S Y S T E M  ---------------

OS: Windows 10 , 64 bit Build 18362 (10.0.18362.1110)

CPU:total 4 (initial active 4) (4 cores per cpu, 1 threads per core) family 16 model 4 stepping 3, cmov, cx8, fxsr, mmx, sse, sse2, sse3, popcnt, mmxext, 3dnowpref, lzcnt, sse4a, tsc, tscinvbit, tscinv

Memory: 4k page, system-wide physical 15867M (3203M free)
TotalPageFile size 15867M (AvailPageFile size 120M)
current process WorkingSet (physical memory assigned to process): 9M, peak: 9M
current process commit charge ("private bytes"): 52M, peak: 300M

vm_info: OpenJDK 64-Bit Server VM (11.0.3+12-b304.39) for windows-amd64 JRE (11.0.3+12-b304.39), built on Aug 14 2019 11:03:43 by "" with MS VC++ 14.0 (VS2015)

END.
