#
# There is insufficient memory for the Java Runtime Environment to continue.
# Native memory allocation (mmap) failed to map 260046848 bytes for Failed to commit area from 0x0000000708000000 to 0x0000000717800000 of length 260046848.
# Possible reasons:
#   The system is out of physical RAM or swap space
#   The process is running with CompressedOops enabled, and the Java Heap may be blocking the growth of the native heap
# Possible solutions:
#   Reduce memory load on the system
#   Increase physical memory or swap space
#   Check if swap backing store is full
#   Decrease Java heap size (-Xmx/-Xms)
#   Decrease number of Java threads
#   Decrease Java thread stack sizes (-Xss)
#   Set larger code cache with -XX:ReservedCodeCacheSize=
# This output file may be truncated or incomplete.
#
#  Out of Memory Error (c:/BuildAgent/work/5ff2f6c26000d570/src/hotspot/os/windows/os_windows.cpp:3272), pid=13068, tid=15688
#
# JRE version:  (11.0.3+12) (build )
# Java VM: OpenJDK 64-Bit Server VM (11.0.3+12-b304.39, mixed mode, aot, sharing, tiered, compressed oops, g1 gc, windows-amd64)
# No core dump will be written. Minidumps are not enabled by default on client versions of Windows
#

---------------  S U M M A R Y ------------

Command Line: org.jetbrains.git4idea.http.GitAskPassApp Password for 'https://reistr@bitbucket.org': 

Host: AMD Phenom(tm) II X4 B97 Processor, 4 cores, 15G,  Windows 10 , 64 bit Build 18362 (10.0.18362.1110)
Time: Mon Dec 21 11:54:00 2020 Hora oficial do Brasil elapsed time: 0 seconds (0d 0h 0m 0s)

---------------  T H R E A D  ---------------

Current thread (0x00000244b5373800):  JavaThread "Unknown thread" [_thread_in_vm, id=15688, stack(0x0000007187d00000,0x0000007187e00000)]

Stack: [0x0000007187d00000,0x0000007187e00000]
Native frames: (J=compiled Java code, j=interpreted, Vv=VM code, C=native code)
V  [jvm.dll+0x5da77a]
V  [jvm.dll+0x70b9c9]
V  [jvm.dll+0x70cee8]
V  [jvm.dll+0x70d5b3]
V  [jvm.dll+0x23ddc8]
V  [jvm.dll+0x5d7ef4]
V  [jvm.dll+0x5ccfc5]
V  [jvm.dll+0x2fa44b]
V  [jvm.dll+0x2fa3ba]
V  [jvm.dll+0x2fa292]
V  [jvm.dll+0x2ff156]
V  [jvm.dll+0x3474c3]
V  [jvm.dll+0x347bc6]
V  [jvm.dll+0x3475c3]
V  [jvm.dll+0x2d4f68]
V  [jvm.dll+0x2d6107]
V  [jvm.dll+0x6eabf7]
V  [jvm.dll+0x6ec38c]
V  [jvm.dll+0x354c29]
V  [jvm.dll+0x6d28ae]
V  [jvm.dll+0x3bd363]
V  [jvm.dll+0x3bf7a1]
C  [java.exe+0x3763]
C  [java.exe+0x17a0c]
C  [KERNEL32.DLL+0x17c24]
C  [ntdll.dll+0x6d4d1]


---------------  P R O C E S S  ---------------

Threads class SMR info:
_java_thread_list=0x00000244b3952680, length=0, elements={
}

Java Threads: ( => current thread )

Other Threads:
  0x00000244b538a800 GCTaskThread "GC Thread#0" [stack: 0x0000007187e00000,0x0000007187f00000] [id=13096]
  0x00000244d1c00000 ConcurrentGCThread "G1 Main Marker" [stack: 0x0000007187f00000,0x0000007188000000] [id=5428]
  0x00000244b53db800 ConcurrentGCThread "G1 Conc#0" [stack: 0x0000007188000000,0x0000007188100000] [id=15824]

[error occurred during error reporting (printing all threads), id 0xc0000005, EXCEPTION_ACCESS_VIOLATION (0xc0000005) at pc=0x00007ffd63b95507]

VM state:not at safepoint (not fully initialized)

VM Mutex/Monitor currently owned by a thread:  ([mutex/lock_event])
[0x00000244b5370eb0] Heap_lock - owner thread: 0x00000244b5373800

Heap address: 0x0000000708000000, size: 3968 MB, Compressed Oops mode: Non-zero based: 0x0000000708000000
Narrow klass base: 0x0000000000000000, Narrow klass shift: 0

GC Heap History (0 events):
No events

Deoptimization events (0 events):
No events

Classes redefined (0 events):
No events

Internal exceptions (0 events):
No events

Events (0 events):
No events


Dynamic libraries:
0x00007ff7d3a00000 - 0x00007ff7d3a47000 	C:\Program Files\JetBrains\PhpStorm 2019.2.1\jbr\bin\java.exe
0x00007ffdacb20000 - 0x00007ffdacd10000 	C:\WINDOWS\SYSTEM32\ntdll.dll
0x00007ffdac8e0000 - 0x00007ffdac992000 	C:\WINDOWS\System32\KERNEL32.DLL
0x00007ffda9b70000 - 0x00007ffda9e15000 	C:\WINDOWS\System32\KERNELBASE.dll
0x00007ffdabf20000 - 0x00007ffdac0b4000 	C:\WINDOWS\System32\USER32.dll
0x00007ffda9e40000 - 0x00007ffda9e61000 	C:\WINDOWS\System32\win32u.dll
0x00007ffdac1d0000 - 0x00007ffdac1f6000 	C:\WINDOWS\System32\GDI32.dll
0x00007ffdaaa30000 - 0x00007ffdaabc6000 	C:\WINDOWS\System32\gdi32full.dll
0x00007ffdaa990000 - 0x00007ffdaaa2e000 	C:\WINDOWS\System32\msvcp_win.dll
0x00007ffdaa600000 - 0x00007ffdaa6fa000 	C:\WINDOWS\System32\ucrtbase.dll
0x00007ffd9ea20000 - 0x00007ffd9eca4000 	C:\WINDOWS\WinSxS\amd64_microsoft.windows.common-controls_6595b64144ccf1df_6.0.18362.1256_none_9e7e379be45e40e2\COMCTL32.dll
0x00007ffdabe80000 - 0x00007ffdabf1e000 	C:\WINDOWS\System32\msvcrt.dll
0x00007ffdab740000 - 0x00007ffdaba76000 	C:\WINDOWS\System32\combase.dll
0x00007ffdabcb0000 - 0x00007ffdabdd0000 	C:\WINDOWS\System32\RPCRT4.dll
0x00007ffdaa900000 - 0x00007ffdaa981000 	C:\WINDOWS\System32\bcryptPrimitives.dll
0x00007ffdac1a0000 - 0x00007ffdac1ce000 	C:\WINDOWS\System32\IMM32.DLL
0x00007ffd78ba0000 - 0x00007ffd78cba000 	C:\Program Files\Diebold\Warsaw\wslbscr64.dll
0x00007ffdac830000 - 0x00007ffdac8d3000 	C:\WINDOWS\System32\ADVAPI32.dll
0x00007ffdab5c0000 - 0x00007ffdab657000 	C:\WINDOWS\System32\sechost.dll
0x00007ffdaaed0000 - 0x00007ffdab5b7000 	C:\WINDOWS\System32\SHELL32.dll
0x00007ffda9af0000 - 0x00007ffda9b3a000 	C:\WINDOWS\System32\cfgmgr32.dll
0x00007ffdabdd0000 - 0x00007ffdabe79000 	C:\WINDOWS\System32\shcore.dll
0x00007ffda9e70000 - 0x00007ffdaa5f1000 	C:\WINDOWS\System32\windows.storage.dll
0x00007ffda9a60000 - 0x00007ffda9a83000 	C:\WINDOWS\System32\profapi.dll
0x00007ffda9a10000 - 0x00007ffda9a5a000 	C:\WINDOWS\System32\powrprof.dll
0x00007ffda99c0000 - 0x00007ffda99d0000 	C:\WINDOWS\System32\UMPDC.dll
0x00007ffdac0c0000 - 0x00007ffdac112000 	C:\WINDOWS\System32\shlwapi.dll
0x00007ffda99d0000 - 0x00007ffda99e1000 	C:\WINDOWS\System32\kernel.appcore.dll
0x00007ffda9e20000 - 0x00007ffda9e37000 	C:\WINDOWS\System32\cryptsp.dll
0x00007ffda8a10000 - 0x00007ffda8a41000 	C:\WINDOWS\SYSTEM32\ntmarta.dll
0x00007ffd66d80000 - 0x00007ffd66e6f000 	C:\Program Files\Diebold\Warsaw\wslbscrwh64.dll
0x00007ffd9dfd0000 - 0x00007ffd9dfe7000 	C:\Program Files\JetBrains\PhpStorm 2019.2.1\jbr\bin\vcruntime140.dll
0x00007ffd8faa0000 - 0x00007ffd8fb3d000 	C:\Program Files\JetBrains\PhpStorm 2019.2.1\jbr\bin\msvcp140.dll
0x00007ffd638b0000 - 0x00007ffd64367000 	C:\Program Files\JetBrains\PhpStorm 2019.2.1\jbr\bin\server\jvm.dll
0x00007ffdab660000 - 0x00007ffdab668000 	C:\WINDOWS\System32\PSAPI.DLL
0x00007ffda6330000 - 0x00007ffda6339000 	C:\WINDOWS\SYSTEM32\WSOCK32.dll
0x00000244b5270000 - 0x00000244b52df000 	C:\WINDOWS\System32\WS2_32.dll
0x00007ffda5e90000 - 0x00007ffda5eb4000 	C:\WINDOWS\SYSTEM32\WINMM.dll
0x00007ffda2550000 - 0x00007ffda255a000 	C:\WINDOWS\SYSTEM32\VERSION.dll
0x00007ffda5e60000 - 0x00007ffda5e8d000 	C:\WINDOWS\SYSTEM32\WINMMBASE.dll
0x00007ffda63d0000 - 0x00007ffda63e1000 	C:\Program Files\JetBrains\PhpStorm 2019.2.1\jbr\bin\verify.dll
0x00007ffda8220000 - 0x00007ffda8414000 	C:\WINDOWS\SYSTEM32\DBGHELP.DLL
0x00007ffd95e60000 - 0x00007ffd95e8a000 	C:\WINDOWS\SYSTEM32\dbgcore.DLL
0x00007ffd99e60000 - 0x00007ffd99e89000 	C:\Program Files\JetBrains\PhpStorm 2019.2.1\jbr\bin\java.dll
0x00007ffd9d1d0000 - 0x00007ffd9d1e7000 	C:\Program Files\JetBrains\PhpStorm 2019.2.1\jbr\bin\zip.dll
0x00007ffda6b50000 - 0x00007ffda6b5b000 	C:\Program Files\JetBrains\PhpStorm 2019.2.1\jbr\bin\jimage.dll

dbghelp: loaded successfully - version: 4.0.5 - missing functions: none
symbol engine: initialized successfully - sym options: 0x614 - pdb path: .;C:\Program Files\JetBrains\PhpStorm 2019.2.1\jbr\bin;C:\WINDOWS\SYSTEM32;C:\WINDOWS\WinSxS\amd64_microsoft.windows.common-controls_6595b64144ccf1df_6.0.18362.1256_none_9e7e379be45e40e2;C:\Program Files\Diebold\Warsaw;C:\Program Files\JetBrains\PhpStorm 2019.2.1\jbr\bin\server

VM Arguments:
java_command: org.jetbrains.git4idea.http.GitAskPassApp Password for 'https://reistr@bitbucket.org': 
java_class_path (initial): C:/Program Files/JetBrains/PhpStorm 2019.2.1/plugins/git4idea/lib/git4idea-rt.jar;C:/Program Files/JetBrains/PhpStorm 2019.2.1/lib/xmlrpc-2.0.1.jar;C:/Program Files/JetBrains/PhpStorm 2019.2.1/lib/commons-codec-1.13.jar;C:/Program Files/JetBrains/PhpStorm 2019.2.1/lib/util.jar
Launcher Type: SUN_STANDARD

[Global flags]
     intx CICompilerCount                          = 3                                         {product} {ergonomic}
     uint ConcGCThreads                            = 1                                         {product} {ergonomic}
     uint G1ConcRefinementThreads                  = 4                                         {product} {ergonomic}
   size_t G1HeapRegionSize                         = 1048576                                   {product} {ergonomic}
    uintx GCDrainStackTargetSize                   = 64                                        {product} {ergonomic}
   size_t InitialHeapSize                          = 260046848                                 {product} {ergonomic}
   size_t MarkStackSize                            = 4194304                                   {product} {ergonomic}
   size_t MaxHeapSize                              = 4160749568                                {product} {ergonomic}
   size_t MinHeapDeltaBytes                        = 1048576                                   {product} {ergonomic}
    uintx NonNMethodCodeHeapSize                   = 5830092                                {pd product} {ergonomic}
    uintx NonProfiledCodeHeapSize                  = 122914074                              {pd product} {ergonomic}
    uintx ProfiledCodeHeapSize                     = 122914074                              {pd product} {ergonomic}
    uintx ReservedCodeCacheSize                    = 251658240                              {pd product} {ergonomic}
     bool SegmentedCodeCache                       = true                                      {product} {ergonomic}
     bool UseCompressedClassPointers               = true                                 {lp64_product} {ergonomic}
     bool UseCompressedOops                        = true                                 {lp64_product} {ergonomic}
     bool UseG1GC                                  = true                                      {product} {ergonomic}
     bool UseLargePagesIndividualAllocation        = false                                  {pd product} {ergonomic}

Logging:
Log output configuration:
 #0: stdout all=warning uptime,level,tags
 #1: stderr all=off uptime,level,tags

Environment Variables:
PATH=C:\Program Files\Git\mingw64\libexec\git-core;C:\Program Files\Git\mingw64\libexec\git-core;C:\Program Files\Git\mingw64\bin;C:\Program Files\Git\usr\bin;C:\Users\Renan Reis\bin;C:\Program Files (x86)\Common Files\Oracle\Java\javapath;C:\WINDOWS\system32;C:\WINDOWS;C:\WINDOWS\System32\Wbem;C:\WINDOWS\System32\WindowsPowerShell\v1.0;C:\WINDOWS\System32\OpenSSH;C:\PostgreSQL\pg96\bin;C:\Program Files\Git\cmd;C:\Gradle\bin;C:\Users\Renan Reis\Downloads\cmder\Cmder.exe;C:\Program Files\PuTTY;C:\ProgramData\ComposerSetup\bin;C:\Program Files\Java\jdk1.8.0_251;C:\ProgramData\chocolatey\bin;C:\php;C:\tools\php72;C:\tools\php74;C:\Program Files (x86)\GNU\GnuPG\pub;C:\Program Files\nodejs;C:\Program Files (x86)\Yarn\bin;C:\Program Files\OpenSSH-Win64;C:\oracle\ODAC_11_2_Release_6_64_Bit;C:\oracle\ODAC_11_2_Release_6_64_Bit\bin;C:\oracle\ODAC_11_2_Release_6_64_Bit\network\admin;C:\Users\Renan Reis\AppData\Local\Microsoft\WindowsApps;C:\Users\Renan Reis\AppData\Local\Programs\Microsoft VS Code\bin;C:\Users\Renan Reis\AppData\Roaming\npm;C:\Users\Renan Reis\AppData\Local\Yarn\bin
USERNAME=Renan Reis
DISPLAY=:0.0
OS=Windows_NT
PROCESSOR_IDENTIFIER=AMD64 Family 16 Model 4 Stepping 3, AuthenticAMD



---------------  S Y S T E M  ---------------

OS: Windows 10 , 64 bit Build 18362 (10.0.18362.1110)

CPU:total 4 (initial active 4) (4 cores per cpu, 1 threads per core) family 16 model 4 stepping 3, cmov, cx8, fxsr, mmx, sse, sse2, sse3, popcnt, mmxext, 3dnowpref, lzcnt, sse4a, tsc, tscinvbit, tscinv

Memory: 4k page, system-wide physical 15867M (4594M free)
TotalPageFile size 15867M (AvailPageFile size 218M)
current process WorkingSet (physical memory assigned to process): 13M, peak: 13M
current process commit charge ("private bytes"): 54M, peak: 302M

vm_info: OpenJDK 64-Bit Server VM (11.0.3+12-b304.39) for windows-amd64 JRE (11.0.3+12-b304.39), built on Aug 14 2019 11:03:43 by "" with MS VC++ 14.0 (VS2015)

END.
