#
# There is insufficient memory for the Java Runtime Environment to continue.
# Native memory allocation (malloc) failed to allocate 2048 bytes for Failed to allocate _fine_grain_entries.
# Possible reasons:
#   The system is out of physical RAM or swap space
#   The process is running with CompressedOops enabled, and the Java Heap may be blocking the growth of the native heap
# Possible solutions:
#   Reduce memory load on the system
#   Increase physical memory or swap space
#   Check if swap backing store is full
#   Decrease Java heap size (-Xmx/-Xms)
#   Decrease number of Java threads
#   Decrease Java thread stack sizes (-Xss)
#   Set larger code cache with -XX:ReservedCodeCacheSize=
# This output file may be truncated or incomplete.
#
#  Out of Memory Error (c:/BuildAgent/work/5ff2f6c26000d570/src/hotspot/share/gc/g1/heapRegionRemSet.cpp:270), pid=9988, tid=13544
#
# JRE version:  (11.0.3+12) (build )
# Java VM: OpenJDK 64-Bit Server VM (11.0.3+12-b304.56, mixed mode, aot, sharing, tiered, compressed oops, g1 gc, windows-amd64)
# No core dump will be written. Minidumps are not enabled by default on client versions of Windows
#

---------------  S U M M A R Y ------------

Command Line: org.jetbrains.git4idea.http.GitAskPassApp Password for 'https://reistr@bitbucket.org': 

Host: AMD Phenom(tm) II X4 B97 Processor, 4 cores, 15G,  Windows 10 , 64 bit Build 18362 (10.0.18362.1110)
Time: Wed Dec 23 15:08:35 2020 Hora oficial do Brasil elapsed time: 0 seconds (0d 0h 0m 0s)

---------------  T H R E A D  ---------------

Current thread (0x0000028da6b1a000):  JavaThread "Unknown thread" [_thread_in_vm, id=13544, stack(0x0000009615a00000,0x0000009615b00000)]

Stack: [0x0000009615a00000,0x0000009615b00000]
Native frames: (J=compiled Java code, j=interpreted, Vv=VM code, C=native code)
V  [jvm.dll+0x5da77a]
V  [jvm.dll+0x70b9c9]
V  [jvm.dll+0x70cee8]
V  [jvm.dll+0x70d5b3]
V  [jvm.dll+0x23ddc8]
V  [jvm.dll+0x348843]
V  [jvm.dll+0x3485c5]
V  [jvm.dll+0x3457ec]
V  [jvm.dll+0x2d71eb]
V  [jvm.dll+0x347c41]
V  [jvm.dll+0x3475c3]
V  [jvm.dll+0x2d4f68]
V  [jvm.dll+0x2d6107]
V  [jvm.dll+0x6eabf7]
V  [jvm.dll+0x6ec38c]
V  [jvm.dll+0x354c29]
V  [jvm.dll+0x6d28ae]
V  [jvm.dll+0x3bd363]
V  [jvm.dll+0x3bf7a1]
C  [java.exe+0x3763]
C  [java.exe+0x17a0c]
C  [KERNEL32.DLL+0x17c24]
C  [ntdll.dll+0x6d4d1]


---------------  P R O C E S S  ---------------

Threads class SMR info:
_java_thread_list=0x0000028da48b7280, length=0, elements={
}

Java Threads: ( => current thread )

Other Threads:
  0x0000028da6b2d800 GCTaskThread "GC Thread#0" [stack: 0x0000009615b00000,0x0000009615c00000] [id=8808]
  0x0000028da6b88800 ConcurrentGCThread "G1 Main Marker" [stack: 0x0000009615c00000,0x0000009615d00000] [id=1868]
  0x0000028da6b89800 ConcurrentGCThread "G1 Conc#0" [stack: 0x0000009615d00000,0x0000009615e00000] [id=9432]

[error occurred during error reporting (printing all threads), id 0xc0000005, EXCEPTION_ACCESS_VIOLATION (0xc0000005) at pc=0x00007ffe055f5507]

VM state:not at safepoint (not fully initialized)

VM Mutex/Monitor currently owned by a thread:  ([mutex/lock_event])
[0x0000028da6b15a60] Heap_lock - owner thread: 0x0000028da6b1a000

Heap address: 0x0000000708000000, size: 3968 MB, Compressed Oops mode: Non-zero based: 0x0000000708000000
Narrow klass base: 0x0000000000000000, Narrow klass shift: 0

GC Heap History (0 events):
No events

Deoptimization events (0 events):
No events

Classes redefined (0 events):
No events

Internal exceptions (0 events):
No events

Events (0 events):
No events


Dynamic libraries:
0x00007ff732250000 - 0x00007ff732297000 	C:\Program Files\JetBrains\IntelliJ IDEA 2019.2.2\jbr\bin\java.exe
0x00007ffe55a80000 - 0x00007ffe55c70000 	C:\WINDOWS\SYSTEM32\ntdll.dll
0x00007ffe54420000 - 0x00007ffe544d2000 	C:\WINDOWS\System32\KERNEL32.DLL
0x00007ffe52c30000 - 0x00007ffe52ed5000 	C:\WINDOWS\System32\KERNELBASE.dll
0x00007ffe54280000 - 0x00007ffe54414000 	C:\WINDOWS\System32\USER32.dll
0x00007ffe52ee0000 - 0x00007ffe52f01000 	C:\WINDOWS\System32\win32u.dll
0x00007ffe551a0000 - 0x00007ffe551c6000 	C:\WINDOWS\System32\GDI32.dll
0x00007ffe53840000 - 0x00007ffe539d6000 	C:\WINDOWS\System32\gdi32full.dll
0x00007ffe52b90000 - 0x00007ffe52c2e000 	C:\WINDOWS\System32\msvcp_win.dll
0x00007ffe52f40000 - 0x00007ffe5303a000 	C:\WINDOWS\System32\ucrtbase.dll
0x00007ffe47aa0000 - 0x00007ffe47d24000 	C:\WINDOWS\WinSxS\amd64_microsoft.windows.common-controls_6595b64144ccf1df_6.0.18362.1256_none_9e7e379be45e40e2\COMCTL32.dll
0x00007ffe55900000 - 0x00007ffe5599e000 	C:\WINDOWS\System32\msvcrt.dll
0x00007ffe53c00000 - 0x00007ffe53f36000 	C:\WINDOWS\System32\combase.dll
0x00007ffe54590000 - 0x00007ffe546b0000 	C:\WINDOWS\System32\RPCRT4.dll
0x00007ffe52a50000 - 0x00007ffe52ad1000 	C:\WINDOWS\System32\bcryptPrimitives.dll
0x00007ffe54f80000 - 0x00007ffe54fae000 	C:\WINDOWS\System32\IMM32.DLL
0x00007ffe39b20000 - 0x00007ffe39b37000 	C:\Program Files\JetBrains\IntelliJ IDEA 2019.2.2\jbr\bin\vcruntime140.dll
0x00007ffe2eec0000 - 0x00007ffe2ef5d000 	C:\Program Files\JetBrains\IntelliJ IDEA 2019.2.2\jbr\bin\msvcp140.dll
0x00007ffe05310000 - 0x00007ffe05dc7000 	C:\Program Files\JetBrains\IntelliJ IDEA 2019.2.2\jbr\bin\server\jvm.dll
0x00007ffe544e0000 - 0x00007ffe54583000 	C:\WINDOWS\System32\ADVAPI32.dll
0x00007ffe559a0000 - 0x00007ffe55a37000 	C:\WINDOWS\System32\sechost.dll
0x00007ffe546b0000 - 0x00007ffe546b8000 	C:\WINDOWS\System32\PSAPI.DLL
0x00007ffe3f3f0000 - 0x00007ffe3f3f9000 	C:\WINDOWS\SYSTEM32\WSOCK32.dll
0x00007ffe4f3c0000 - 0x00007ffe4f3e4000 	C:\WINDOWS\SYSTEM32\WINMM.dll
0x00007ffe49c70000 - 0x00007ffe49c7a000 	C:\WINDOWS\SYSTEM32\VERSION.dll
0x00007ffe54210000 - 0x00007ffe5427f000 	C:\WINDOWS\System32\WS2_32.dll
0x00007ffe4f390000 - 0x00007ffe4f3bd000 	C:\WINDOWS\SYSTEM32\winmmbase.dll
0x00007ffe537d0000 - 0x00007ffe5381a000 	C:\WINDOWS\System32\cfgmgr32.dll
0x00007ffe52950000 - 0x00007ffe52961000 	C:\WINDOWS\System32\kernel.appcore.dll
0x00007ffe36b00000 - 0x00007ffe36b11000 	C:\Program Files\JetBrains\IntelliJ IDEA 2019.2.2\jbr\bin\verify.dll
0x00007ffe50a20000 - 0x00007ffe50c14000 	C:\WINDOWS\SYSTEM32\DBGHELP.DLL
0x00007ffe3ca00000 - 0x00007ffe3ca2a000 	C:\WINDOWS\SYSTEM32\dbgcore.DLL
0x00007ffe335d0000 - 0x00007ffe335f9000 	C:\Program Files\JetBrains\IntelliJ IDEA 2019.2.2\jbr\bin\java.dll
0x00007ffe35d90000 - 0x00007ffe35da7000 	C:\Program Files\JetBrains\IntelliJ IDEA 2019.2.2\jbr\bin\zip.dll
0x00007ffe4af60000 - 0x00007ffe4af6b000 	C:\Program Files\JetBrains\IntelliJ IDEA 2019.2.2\jbr\bin\jimage.dll

dbghelp: loaded successfully - version: 4.0.5 - missing functions: none
symbol engine: initialized successfully - sym options: 0x614 - pdb path: .;C:\Program Files\JetBrains\IntelliJ IDEA 2019.2.2\jbr\bin;C:\WINDOWS\SYSTEM32;C:\WINDOWS\WinSxS\amd64_microsoft.windows.common-controls_6595b64144ccf1df_6.0.18362.1256_none_9e7e379be45e40e2;C:\Program Files\JetBrains\IntelliJ IDEA 2019.2.2\jbr\bin\server

VM Arguments:
java_command: org.jetbrains.git4idea.http.GitAskPassApp Password for 'https://reistr@bitbucket.org': 
java_class_path (initial): C:/Program Files/JetBrains/IntelliJ IDEA 2019.2.2/plugins/git4idea/lib/git4idea-rt.jar;C:/Program Files/JetBrains/IntelliJ IDEA 2019.2.2/lib/xmlrpc-2.0.1.jar;C:/Program Files/JetBrains/IntelliJ IDEA 2019.2.2/lib/commons-codec-1.13.jar;C:/Program Files/JetBrains/IntelliJ IDEA 2019.2.2/lib/util.jar
Launcher Type: SUN_STANDARD

[Global flags]
     intx CICompilerCount                          = 3                                         {product} {ergonomic}
     uint ConcGCThreads                            = 1                                         {product} {ergonomic}
     uint G1ConcRefinementThreads                  = 4                                         {product} {ergonomic}
   size_t G1HeapRegionSize                         = 1048576                                   {product} {ergonomic}
    uintx GCDrainStackTargetSize                   = 64                                        {product} {ergonomic}
   size_t InitialHeapSize                          = 260046848                                 {product} {ergonomic}
   size_t MarkStackSize                            = 4194304                                   {product} {ergonomic}
   size_t MaxHeapSize                              = 4160749568                                {product} {ergonomic}
   size_t MinHeapDeltaBytes                        = 1048576                                   {product} {ergonomic}
    uintx NonNMethodCodeHeapSize                   = 5830092                                {pd product} {ergonomic}
    uintx NonProfiledCodeHeapSize                  = 122914074                              {pd product} {ergonomic}
    uintx ProfiledCodeHeapSize                     = 122914074                              {pd product} {ergonomic}
    uintx ReservedCodeCacheSize                    = 251658240                              {pd product} {ergonomic}
     bool SegmentedCodeCache                       = true                                      {product} {ergonomic}
     bool UseCompressedClassPointers               = true                                 {lp64_product} {ergonomic}
     bool UseCompressedOops                        = true                                 {lp64_product} {ergonomic}
     bool UseG1GC                                  = true                                      {product} {ergonomic}
     bool UseLargePagesIndividualAllocation        = false                                  {pd product} {ergonomic}

Logging:
Log output configuration:
 #0: stdout all=warning uptime,level,tags
 #1: stderr all=off uptime,level,tags

Environment Variables:
PATH=C:\Program Files\Git\mingw64\libexec\git-core;C:\Program Files\Git\mingw64\libexec\git-core;C:\Program Files\Git\mingw64\bin;C:\Program Files\Git\usr\bin;C:\Users\Renan Reis\bin;C:\Program Files (x86)\Common Files\Oracle\Java\javapath;C:\WINDOWS\system32;C:\WINDOWS;C:\WINDOWS\System32\Wbem;C:\WINDOWS\System32\WindowsPowerShell\v1.0;C:\WINDOWS\System32\OpenSSH;C:\PostgreSQL\pg96\bin;C:\Program Files\Git\cmd;C:\Gradle\bin;C:\Users\Renan Reis\Downloads\cmder\Cmder.exe;C:\Program Files\PuTTY;C:\ProgramData\ComposerSetup\bin;C:\Program Files\Java\jdk1.8.0_251;C:\ProgramData\chocolatey\bin;C:\php;C:\tools\php72;C:\tools\php74;C:\Program Files (x86)\GNU\GnuPG\pub;C:\Program Files\nodejs;C:\Program Files (x86)\Yarn\bin;C:\Program Files\OpenSSH-Win64;C:\oracle\ODAC_11_2_Release_6_64_Bit;C:\oracle\ODAC_11_2_Release_6_64_Bit\bin;C:\oracle\ODAC_11_2_Release_6_64_Bit\network\admin;C:\Users\Renan Reis\AppData\Local\Microsoft\WindowsApps;C:\Users\Renan Reis\AppData\Local\Programs\Microsoft VS Code\bin;C:\Users\Renan Reis\AppData\Roaming\npm;C:\Users\Renan Reis\AppData\Local\Yarn\bin
USERNAME=Renan Reis
DISPLAY=:0.0
OS=Windows_NT
PROCESSOR_IDENTIFIER=AMD64 Family 16 Model 4 Stepping 3, AuthenticAMD



---------------  S Y S T E M  ---------------

OS: Windows 10 , 64 bit Build 18362 (10.0.18362.1110)

CPU:total 4 (initial active 4) (4 cores per cpu, 1 threads per core) family 16 model 4 stepping 3, cmov, cx8, fxsr, mmx, sse, sse2, sse3, popcnt, mmxext, 3dnowpref, lzcnt, sse4a, tsc, tscinvbit, tscinv

Memory: 4k page, system-wide physical 15867M (3533M free)
TotalPageFile size 15867M (AvailPageFile size 2M)
current process WorkingSet (physical memory assigned to process): 19M, peak: 19M
current process commit charge ("private bytes"): 310M, peak: 310M

vm_info: OpenJDK 64-Bit Server VM (11.0.3+12-b304.56) for windows-amd64 JRE (11.0.3+12-b304.56), built on Sep  3 2019 10:54:25 by "" with MS VC++ 14.0 (VS2015)

END.
